******************************************************************************
                  MSP430 Linker PC v3.3.2                      
******************************************************************************
>> Linked Thu Apr 21 19:15:19 2011

OUTPUT FILE NAME:   <iad_project.out>
ENTRY POINT SYMBOL: "_c_int00"  address: 0000fd58


MEMORY CONFIGURATION

         name            origin    length      used     unused   attr    fill
----------------------  --------  ---------  --------  --------  ----  --------
  SFR                   00000000   00000010  00000000  00000010  RWIX
  PERIPHERALS_8BIT      00000010   000000f0  00000000  000000f0  RWIX
  PERIPHERALS_16BIT     00000100   00000100  00000000  00000100  RWIX
  RAM                   00000200   00000080  0000005e  00000022  RWIX
  INFOD                 00001000   00000040  00000000  00000040  RWIX
  INFOC                 00001040   00000040  00000000  00000040  RWIX
  INFOB                 00001080   00000040  00000000  00000040  RWIX
  INFOA                 000010c0   00000040  00000000  00000040  RWIX
  FLASH                 0000f800   000007e0  000006c6  0000011a  RWIX
  INT00                 0000ffe0   00000002  00000000  00000002  RWIX
  INT01                 0000ffe2   00000002  00000000  00000002  RWIX
  INT02                 0000ffe4   00000002  00000002  00000000  RWIX
  INT03                 0000ffe6   00000002  00000000  00000002  RWIX
  INT04                 0000ffe8   00000002  00000000  00000002  RWIX
  INT05                 0000ffea   00000002  00000000  00000002  RWIX
  INT06                 0000ffec   00000002  00000000  00000002  RWIX
  INT07                 0000ffee   00000002  00000000  00000002  RWIX
  INT08                 0000fff0   00000002  00000002  00000000  RWIX
  INT09                 0000fff2   00000002  00000002  00000000  RWIX
  INT10                 0000fff4   00000002  00000002  00000000  RWIX
  INT11                 0000fff6   00000002  00000000  00000002  RWIX
  INT12                 0000fff8   00000002  00000000  00000002  RWIX
  INT13                 0000fffa   00000002  00000000  00000002  RWIX
  INT14                 0000fffc   00000002  00000000  00000002  RWIX
  RESET                 0000fffe   00000002  00000002  00000000  RWIX


SECTION ALLOCATION MAP

 output                                  attributes/
section   page    origin      length       input sections
--------  ----  ----------  ----------   ----------------
.pinit     0    0000f800    00000000     UNINITIALIZED

.bss       0    00000200    0000002c     UNINITIALIZED
                  00000200    0000001c     main.obj (.bss)
                  0000021c    00000006     serial.obj (.bss)
                  00000222    00000004     rts430.lib : _lock.obj (.bss)
                  00000226    00000004                : boot.obj (.bss)
                  0000022a    00000002     buttons.obj (.bss)

.stack     0    0000024c    00000032     UNINITIALIZED
                  0000024c    00000002     rts430.lib : boot.obj (.stack)
                  0000024e    00000030     --HOLE--

.text      0    0000f800    00000650     
                  0000f800    00000140     main.obj (.text:updateTime)
                  0000f940    0000009a     rts430.lib : fs_div.obj (.text)
                  0000f9da    0000007a     main.obj (.text:main)
                  0000fa54    00000064     serial.obj (.text:Timer_A1_ISR)
                  0000fab8    00000058     buttons.obj (.text:Port_1)
                  0000fb10    0000004c     rts430.lib : fs_toul.obj (.text)
                  0000fb5c    00000046                : autoinit.obj (.text:_auto_init)
                  0000fba2    00000044     time.obj (.text:milliDelay)
                  0000fbe6    0000003e     time.obj (.text:millis)
                  0000fc24    0000003a     serial.obj (.text:Timer_A0_ISR)
                  0000fc5e    00000038     rts430.lib : strncpy.obj (.text:strncpy)
                  0000fc96    00000036     serial.obj (.text:TimerA_UART_tx)
                  0000fccc    00000032     rts430.lib : fs_ultof.obj (.text)
                  0000fcfe    0000002e     main.obj (.text:watchdog_timer)
                  0000fd2c    0000002c     rts430.lib : div16s.obj (.text)
                  0000fd58    00000026                : boot.obj (.text:_c_int00_noexit)
                  0000fd7e    0000001e     serial.obj (.text:TimerA_UART_print)
                  0000fd9c    00000018     buttons.obj (.text:initButtons)
                  0000fdb4    00000016     rts430.lib : div16u.obj (.text)
                  0000fdca    00000014     time.obj (.text:initWatchdogTimer)
                  0000fdde    00000012     serial.obj (.text:TimerA_UART_init)
                  0000fdf0    00000012     rts430.lib : memcpy.obj (.text:memcpy)
                  0000fe02    00000010     serial.obj (.text:initSerial)
                  0000fe12    00000010     rts430.lib : epilog.obj (.text)
                  0000fe22    0000000e     buttons.obj (.text:setButtons)
                  0000fe30    00000008     buttons.obj (.text:disableButtons)
                  0000fe38    00000008     buttons.obj (.text:enableButtons)
                  0000fe40    00000006     buttons.obj (.text:getButtons)
                  0000fe46    00000004     rts430.lib : pre_init.obj (.text:_system_pre_init)
                  0000fe4a    00000004                : exit.obj (.text:abort)
                  0000fe4e    00000002                : _lock.obj (.text:_nop)

.cinit     0    0000fe50    00000054     
                  0000fe50    00000034     main.obj (.cinit)
                  0000fe84    00000011     serial.obj (.cinit)
                  0000fe95    00000001     --HOLE-- [fill = 0]
                  0000fe96    0000000b     buttons.obj (.cinit)
                  0000fea1    00000001     --HOLE-- [fill = 0]
                  0000fea2    00000002     (.pad.cinit) [fill = 0]

.const     0    0000fea4    00000022     
                  0000fea4    0000000c     main.obj (.const:timeMax)
                  0000feb0    0000000c     main.obj (.const:timeMin)
                  0000febc    00000004     time.obj (.const)
                  0000fec0    00000003     buttons.obj (.const:buttonOrder)
                  0000fec3    00000001     --HOLE-- [fill = 0]
                  0000fec4    00000002     main.obj (.const:.string)

.int02     0    0000ffe4    00000002     
                  0000ffe4    00000002     buttons.obj (.int02)

.int08     0    0000fff0    00000002     
                  0000fff0    00000002     serial.obj (.int08)

.int09     0    0000fff2    00000002     
                  0000fff2    00000002     serial.obj (.int09)

.int10     0    0000fff4    00000002     
                  0000fff4    00000002     main.obj (.int10)

.reset     0    0000fffe    00000002     
                  0000fffe    00000002     rts430.lib : boot.obj (.reset)


GLOBAL SYMBOLS: SORTED ALPHABETICALLY BY Name 

address    name
--------   ----
00000200   .bss
0000f800   .text
0000004a   ADC10AE0
000001b0   ADC10CTL0
000001b2   ADC10CTL1
00000048   ADC10DTC0
00000049   ADC10DTC1
000001b4   ADC10MEM
000001bc   ADC10SA
00000057   BCSCTL1
00000058   BCSCTL2
00000053   BCSCTL3
0000fe4a   C$$EXIT
000010ff   CALBC1_1MHZ
000010fe   CALDCO_1MHZ
00000056   DCOCTL
00000128   FCTL1
0000012a   FCTL2
0000012c   FCTL3
00000000   IE1
00000002   IFG1
00000022   P1DIR
00000025   P1IE
00000024   P1IES
00000023   P1IFG
00000020   P1IN
00000021   P1OUT
00000027   P1REN
00000026   P1SEL
0000002a   P2DIR
0000002d   P2IE
0000002c   P2IES
0000002b   P2IFG
00000028   P2IN
00000029   P2OUT
0000002f   P2REN
0000002e   P2SEL
0000fab8   Port_1
00000172   TACCR0
00000174   TACCR1
00000162   TACCTL0
00000164   TACCTL1
00000160   TACTL
0000012e   TAIV
00000170   TAR
0000fdde   TimerA_UART_init
0000fd7e   TimerA_UART_print
0000fc96   TimerA_UART_tx
0000fc24   Timer_A0_ISR
0000fa54   Timer_A1_ISR
0000007a   USICCTL
0000007a   USICKCTL
0000007b   USICNT
00000078   USICTL
00000078   USICTL0
00000079   USICTL1
0000007c   USISR
0000007d   USISRH
0000007c   USISRL
00000120   WDTCTL
0000febc   WDT_FREQUENCY
0000027e   __STACK_END
00000032   __STACK_SIZE
00000001   __TI_args_main
00000001   __TI_auto_init
00000001   __TI_exit
ffffffff   __binit__
00000200   __bss__
ffffffff   __c_args__
0000fe50   __cinit__
0000fd2c   __divi
0000fdb4   __divu
0000022c   __end__
0000fe50   __etext__
0000f940   __fs_div
0000fb10   __fs_toul
0000fccc   __fs_ultof
ffffffff   __pinit__
0000fd2c   __remi
0000fdb4   __remu
0000f800   __text__
0000fb5c   _auto_init
0000fd58   _c_int00
0000fd58   _c_int00_noexit
00000226   _cleanup_ptr
00000228   _dtors_ptr
00000222   _lock
0000fe4e   _nop
0000fffe   _reset_vector
0000024c   _stack
0000fe46   _system_pre_init
00000224   _unlock
0000fe4a   abort
ffffffff   binit
0000fec0   buttonOrder
0000022b   buttons
0000fe50   cinit
0000020e   commandEnd
0000020c   commandStart
0000fe30   disableButtons
0000fe38   enableButtons
0000022c   end
0000fe50   etext
0000fe1e   func_epilog_1
0000fe1c   func_epilog_2
0000fe1a   func_epilog_3
0000fe18   func_epilog_4
0000fe16   func_epilog_5
0000fe14   func_epilog_6
0000fe12   func_epilog_7
0000fe40   getButtons
00000210   hundCounted
0000fd9c   initButtons
0000fe02   initSerial
0000fdca   initWatchdogTimer
0000f9da   main
0000fdf0   memcpy
0000fba2   milliDelay
0000fbe6   millis
0000022a   orderOffset
ffffffff   pinit
00000218   runWDTTicks
0000021e   rxBuffer
0000fe22   setButtons
0000fc5e   strncpy
00000200   time
0000fea4   timeMax
0000feb0   timeMin
0000021c   txData
0000f800   updateTime
0000fcfe   watchdog_timer
00000214   wdtCounter


GLOBAL SYMBOLS: SORTED BY Symbol Address 

address    name
--------   ----
00000000   IE1
00000001   __TI_args_main
00000001   __TI_auto_init
00000001   __TI_exit
00000002   IFG1
00000020   P1IN
00000021   P1OUT
00000022   P1DIR
00000023   P1IFG
00000024   P1IES
00000025   P1IE
00000026   P1SEL
00000027   P1REN
00000028   P2IN
00000029   P2OUT
0000002a   P2DIR
0000002b   P2IFG
0000002c   P2IES
0000002d   P2IE
0000002e   P2SEL
0000002f   P2REN
00000032   __STACK_SIZE
00000048   ADC10DTC0
00000049   ADC10DTC1
0000004a   ADC10AE0
00000053   BCSCTL3
00000056   DCOCTL
00000057   BCSCTL1
00000058   BCSCTL2
00000078   USICTL
00000078   USICTL0
00000079   USICTL1
0000007a   USICCTL
0000007a   USICKCTL
0000007b   USICNT
0000007c   USISR
0000007c   USISRL
0000007d   USISRH
00000120   WDTCTL
00000128   FCTL1
0000012a   FCTL2
0000012c   FCTL3
0000012e   TAIV
00000160   TACTL
00000162   TACCTL0
00000164   TACCTL1
00000170   TAR
00000172   TACCR0
00000174   TACCR1
000001b0   ADC10CTL0
000001b2   ADC10CTL1
000001b4   ADC10MEM
000001bc   ADC10SA
00000200   .bss
00000200   __bss__
00000200   time
0000020c   commandStart
0000020e   commandEnd
00000210   hundCounted
00000214   wdtCounter
00000218   runWDTTicks
0000021c   txData
0000021e   rxBuffer
00000222   _lock
00000224   _unlock
00000226   _cleanup_ptr
00000228   _dtors_ptr
0000022a   orderOffset
0000022b   buttons
0000022c   __end__
0000022c   end
0000024c   _stack
0000027e   __STACK_END
000010fe   CALDCO_1MHZ
000010ff   CALBC1_1MHZ
0000f800   .text
0000f800   __text__
0000f800   updateTime
0000f940   __fs_div
0000f9da   main
0000fa54   Timer_A1_ISR
0000fab8   Port_1
0000fb10   __fs_toul
0000fb5c   _auto_init
0000fba2   milliDelay
0000fbe6   millis
0000fc24   Timer_A0_ISR
0000fc5e   strncpy
0000fc96   TimerA_UART_tx
0000fccc   __fs_ultof
0000fcfe   watchdog_timer
0000fd2c   __divi
0000fd2c   __remi
0000fd58   _c_int00
0000fd58   _c_int00_noexit
0000fd7e   TimerA_UART_print
0000fd9c   initButtons
0000fdb4   __divu
0000fdb4   __remu
0000fdca   initWatchdogTimer
0000fdde   TimerA_UART_init
0000fdf0   memcpy
0000fe02   initSerial
0000fe12   func_epilog_7
0000fe14   func_epilog_6
0000fe16   func_epilog_5
0000fe18   func_epilog_4
0000fe1a   func_epilog_3
0000fe1c   func_epilog_2
0000fe1e   func_epilog_1
0000fe22   setButtons
0000fe30   disableButtons
0000fe38   enableButtons
0000fe40   getButtons
0000fe46   _system_pre_init
0000fe4a   C$$EXIT
0000fe4a   abort
0000fe4e   _nop
0000fe50   __cinit__
0000fe50   __etext__
0000fe50   cinit
0000fe50   etext
0000fea4   timeMax
0000feb0   timeMin
0000febc   WDT_FREQUENCY
0000fec0   buttonOrder
0000fffe   _reset_vector
ffffffff   __binit__
ffffffff   __c_args__
ffffffff   __pinit__
ffffffff   binit
ffffffff   pinit

[132 symbols]
